
Allocating common symbols
Common symbol       size              file

netbufpool          0x4               binaries/net.o
readylist           0x2               binaries/print_ready_list.o
rfltab              0x5a0             binaries/rflinit.o
netportseed         0x8               binaries/net.o
sleepq              0x2               binaries/clkinit.o
nnames              0x4               binaries/naminit.o
prC                 0x4               binaries/lottery_test_case_1.o
udptab              0x168             binaries/udp.o
minheap             0x4               binaries/meminit.o
marks               0x50              binaries/mark.o
currpid             0x4               binaries/initialize.o
Lf_data             0x20c             binaries/lfsinit.o
porttab             0x2d0             binaries/ptinit.o
girmask             0x2               binaries/evec.o
ttytab              0x110             binaries/ttyinit.o
proctab             0x1f40            binaries/initialize.o
prcount             0x4               binaries/initialize.o
lfltab              0xf00             binaries/lflinit.o
prA                 0x4               binaries/lottery_test_case_1.o
rdstab              0x8c              binaries/rdsinit.o
ethertab            0x130             binaries/ethinit.o
prD                 0x4               binaries/lottery_test_case_1.o
NetData             0xb0              binaries/net.o
total_tickets       0x4               binaries/create_user_proc.o
nmarks              0x4               binaries/mark.o
initsp              0x4               binaries/i386.o
Defer               0x8               binaries/resched.o
semtab              0x4b0             binaries/initialize.o
maxheap             0x4               binaries/meminit.o
preempt             0x4               binaries/clkinit.o
buftab              0xf0              binaries/bufinit.o
Rf_data             0x18              binaries/rfsinit.o
mkmutex             0x4               binaries/mark.o
clktime             0x4               binaries/clkinit.o
arpcache            0x140             binaries/arp.o
icmptab             0x230             binaries/icmp.o
nbpools             0x4               binaries/bufinit.o
queuetab            0x990             binaries/queue.o
ptnextid            0x4               binaries/ptinit.o
Ram                 0x19000           binaries/raminit.o
ipoqueue            0x2c              binaries/ip.o
prB                 0x4               binaries/lottery_test_case_1.o
userlist            0x2               binaries/ready.o
memlist             0x8               binaries/initialize.o
nametab             0x19a0            binaries/naminit.o
ptfree              0x4               binaries/ptinit.o

Memory Configuration

Name             Origin             Length             Attributes
*default*        0x0000000000000000 0xffffffffffffffff

Linker script and memory map

                0x0000000000100000                physbase = 0x100000
                0x0000000000100000                . = physbase
                0x0000000000100000                . = ALIGN (0x1000)

.text           0x0000000000100000    0x1b000
                0x0000000000100000                text = ABSOLUTE (.)
 *(.text .text.*)
 .text          0x0000000000100000      0x165 binaries/start.o
                0x0000000000100020                entry
                0x000000000010003d                start
                0x00000000001000a5                inb
                0x00000000001000ad                inw
                0x00000000001000b6                inl
                0x00000000001000be                outb
                0x00000000001000c8                outw
                0x00000000001000d3                outl
                0x00000000001000dd                _rtcin
                0x00000000001000e8                ___udivsi3
                0x00000000001000f3                ___divsi3
                0x00000000001000ff                sbzero
                0x000000000010010f                bcopy
                0x0000000000100123                insw
                0x0000000000100139                outsw
                0x000000000010014f                lidt
                0x0000000000100157                jumptocode
                0x000000000010015e                jumptobootcode
 .text          0x0000000000100165      0x3e3 binaries/ascdate.o
                0x0000000000100165                ascdate
 .text          0x0000000000100548       0x14 binaries/bufinit.o
                0x0000000000100548                bufinit
 .text          0x000000000010055c       0x8d binaries/chprio.o
                0x000000000010055c                chprio
 .text          0x00000000001005e9       0xf8 binaries/clkhandler.o
                0x00000000001005e9                clkhandler
 .text          0x00000000001006e1       0x7e binaries/clkinit.o
                0x00000000001006e1                clkinit
 .text          0x000000000010075f       0x75 binaries/close.o
                0x000000000010075f                close
 .text          0x00000000001007d4        0x0 binaries/conf.o
 .text          0x00000000001007d4       0x7b binaries/control.o
                0x00000000001007d4                control
 .text          0x000000000010084f      0x2ce binaries/create.o
                0x000000000010084f                create
                0x0000000000100aaf                newpid
 .text          0x0000000000100b1d      0x326 binaries/create_user_proc.o
                0x0000000000100b1d                set_tickets
                0x0000000000100b9f                create_user_proc
                0x0000000000100e17                timed_execution
 .text          0x0000000000100e43      0x357 binaries/evec.o
                0x0000000000100e43                initevec
                0x0000000000100e9a                set_evec
                0x0000000000100f3c                trap
 .text          0x000000000010119a       0x19 binaries/exit.o
                0x000000000010119a                exit
 .text          0x00000000001011b3       0x8c binaries/freebuf.o
                0x00000000001011b3                freebuf
 .text          0x000000000010123f      0x172 binaries/freemem.o
                0x000000000010123f                freemem
 .text          0x00000000001013b1       0x8a binaries/getbuf.o
                0x00000000001013b1                getbuf
 .text          0x000000000010143b       0x75 binaries/getc.o
                0x000000000010143b                getc
 .text          0x00000000001014b0       0x74 binaries/getdev.o
                0x00000000001014b0                getdev
 .text          0x0000000000101524       0xd0 binaries/getitem.o
                0x0000000000101524                getfirst
                0x0000000000101569                getlast
                0x00000000001015b0                getitem
 .text          0x00000000001015f4      0x10a binaries/getmem.o
                0x00000000001015f4                getmem
 .text          0x00000000001016fe        0xa binaries/getpid.o
                0x00000000001016fe                getpid
 .text          0x0000000000101708       0x75 binaries/getprio.o
                0x0000000000101708                getprio
 .text          0x000000000010177d       0xfb binaries/getstk.o
                0x000000000010177d                getstk
 .text          0x0000000000101878       0x16 binaries/getticks.o
                0x0000000000101878                getticks
 .text          0x000000000010188e       0x3a binaries/gettime.o
                0x000000000010188e                gettime
 .text          0x00000000001018c8      0x1e2 binaries/getutime.o
                0x00000000001018c8                getutime
 .text          0x0000000000101aaa      0x3c5 binaries/i386.o
                0x0000000000101aaa                setsegs
                0x0000000000101bbc                init8259
                0x0000000000101c6e                pseg
                0x0000000000101e16                setirmask
 .text          0x0000000000101e6f       0x75 binaries/init.o
                0x0000000000101e6f                init
 .text          0x0000000000101ee4      0x3da binaries/initialize.o
                0x0000000000101ee4                nulluser
                0x0000000000102265                stop
                0x0000000000102290                delay
 .text          0x00000000001022be      0x1e0 binaries/insert.o
                0x00000000001022be                insert
                0x0000000000102398                insert_list
 .text          0x000000000010249e      0x10c binaries/insertd.o
                0x000000000010249e                insertd
 .text          0x00000000001025aa        0xa binaries/ioerr.o
                0x00000000001025aa                ioerr
 .text          0x00000000001025b4        0xa binaries/ionull.o
                0x00000000001025b4                ionull
 .text          0x00000000001025be      0x1b5 binaries/kill.o
                0x00000000001025be                kill
 .text          0x0000000000102773      0x14e binaries/kprintf.o
                0x0000000000102773                kputc
                0x0000000000102806                kgetc
                0x0000000000102897                kprintf
 .text          0x00000000001028c1      0x26b binaries/lottery_test_case_1.o
                0x00000000001028c1                main
                0x0000000000102a74                proc_a
                0x0000000000102aa2                proc_b
                0x0000000000102ad0                proc_c
                0x0000000000102afe                proc_d
 .text          0x0000000000102b2c       0x8f binaries/main.o
                0x0000000000102b2c                main_old
 .text          0x0000000000102bbb       0xb5 binaries/mark.o
                0x0000000000102bbb                markinit
                0x0000000000102bdf                mark
 .text          0x0000000000102c70       0xcc binaries/meminit.o
                0x0000000000102c70                meminit
 .text          0x0000000000102d3c      0x174 binaries/mkbufpool.o
                0x0000000000102d3c                mkbufpool
 .text          0x0000000000102eb0       0x94 binaries/newqueue.o
                0x0000000000102eb0                newqueue
 .text          0x0000000000102f44       0x7b binaries/open.o
                0x0000000000102f44                open
 .text          0x0000000000102fbf       0x20 binaries/panic.o
                0x0000000000102fbf                panic
 .text          0x0000000000102fdf      0x489 binaries/pci.o
                0x0000000000102fdf                pci_init
                0x000000000010329c                find_pci_device
                0x00000000001032ea                pci_bios_read_config_byte
                0x0000000000103329                pci_bios_read_config_word
                0x000000000010336b                pci_bios_read_config_dword
                0x00000000001033aa                pci_bios_write_config_byte
                0x00000000001033eb                pci_bios_write_config_word
                0x000000000010342d                pci_bios_write_config_dword
 .text          0x0000000000103468       0x67 binaries/print_ready_list.o
                0x0000000000103468                print_ready_list
 .text          0x00000000001034cf       0xf1 binaries/ptclear.o
                0x00000000001034cf                _ptclear
 .text          0x00000000001035c0       0x9d binaries/ptcount.o
                0x00000000001035c0                ptcount
 .text          0x000000000010365d      0x116 binaries/ptcreate.o
                0x000000000010365d                ptcreate
 .text          0x0000000000103773       0x7f binaries/ptdelete.o
                0x0000000000103773                ptdelete
 .text          0x00000000001037f2       0xbf binaries/ptinit.o
                0x00000000001037f2                ptinit
 .text          0x00000000001038b1      0x11b binaries/ptrecv.o
                0x00000000001038b1                ptrecv
 .text          0x00000000001039cc       0x77 binaries/ptreset.o
                0x00000000001039cc                ptreset
 .text          0x0000000000103a43      0x13d binaries/ptsend.o
                0x0000000000103a43                ptsend
 .text          0x0000000000103b80       0x80 binaries/putc.o
                0x0000000000103b80                putc
 .text          0x0000000000103c00      0x22d binaries/queue.o
                0x0000000000103c00                enqueue
                0x0000000000103ca0                dequeue
                0x0000000000103d0d                dequeue_list
                0x0000000000103da1                enqueue_list
 .text          0x0000000000103e2d       0x7b binaries/read.o
                0x0000000000103e2d                read
 .text          0x0000000000103ea8       0x9c binaries/ready.o
                0x0000000000103ea8                ready
 .text          0x0000000000103f44       0x60 binaries/receive.o
                0x0000000000103f44                receive
 .text          0x0000000000103fa4       0x5c binaries/recvclr.o
                0x0000000000103fa4                recvclr
 .text          0x0000000000104000       0xbb binaries/recvtime.o
                0x0000000000104000                recvtime
 .text          0x00000000001040bb      0x6ca binaries/resched.o
                0x00000000001040bb                getwinner
                0x000000000010414a                resched
                0x0000000000104710                resched_cntl
 .text          0x0000000000104785       0xb5 binaries/resume.o
                0x0000000000104785                resume
 .text          0x000000000010483a       0x79 binaries/seek.o
                0x000000000010483a                seek
 .text          0x00000000001048b3       0x70 binaries/semcount.o
                0x00000000001048b3                semcount
 .text          0x0000000000104923       0xd6 binaries/semcreate.o
                0x0000000000104923                semcreate
 .text          0x00000000001049f9       0xcd binaries/semdelete.o
                0x00000000001049f9                semdelete
 .text          0x0000000000104ac6       0xcb binaries/semreset.o
                0x0000000000104ac6                semreset
 .text          0x0000000000104b91       0xe6 binaries/send.o
                0x0000000000104b91                send
 .text          0x0000000000104c77       0xa8 binaries/signal.o
                0x0000000000104c77                signal
 .text          0x0000000000104d1f       0xd6 binaries/signaln.o
                0x0000000000104d1f                signaln
 .text          0x0000000000104df5       0xea binaries/sleep.o
                0x0000000000104df5                sleep
                0x0000000000104e43                sleepms
 .text          0x0000000000104edf      0x18b binaries/stacktrace.o
                0x0000000000104edf                stacktrace
 .text          0x000000000010506a       0xe0 binaries/suspend.o
                0x000000000010506a                suspend
 .text          0x000000000010514a       0xe2 binaries/unsleep.o
                0x000000000010514a                unsleep
 .text          0x000000000010522c       0x19 binaries/userret.o
                0x000000000010522c                userret
 .text          0x0000000000105245       0xdb binaries/wait.o
                0x0000000000105245                wait
 .text          0x0000000000105320       0x72 binaries/wakeup.o
                0x0000000000105320                wakeup
 .text          0x0000000000105392       0x7b binaries/write.o
                0x0000000000105392                write
 .text          0x000000000010540d       0x1d binaries/xdone.o
                0x000000000010540d                xdone
 .text          0x000000000010542a       0x28 binaries/yield.o
                0x000000000010542a                yield
 .text          0x0000000000105452       0x11 binaries/abs.o
                0x0000000000105452                abs
 .text          0x0000000000105463       0x8f binaries/atoi.o
                0x0000000000105463                atoi
 .text          0x00000000001054f2       0x8f binaries/atol.o
                0x00000000001054f2                atol
 .text          0x0000000000105581       0x31 binaries/bzero.o
                0x0000000000105581                bzero
 .text          0x00000000001055b2        0x0 binaries/ctype_.o
 .text          0x00000000001055b2      0x8ed binaries/doprnt.o
                0x00000000001055b2                _doprnt
 .text          0x0000000000105e9f      0x65c binaries/doscan.o
                0x0000000000105e9f                _doscan
 .text          0x00000000001064fb      0x711 binaries/fdoprnt.o
                0x00000000001064fb                _fdoprnt
 .text          0x0000000000106c0c       0x29 binaries/fgetc.o
                0x0000000000106c0c                fgetc
 .text          0x0000000000106c35       0x75 binaries/fgets.o
                0x0000000000106c35                fgets
 .text          0x0000000000106caa       0x2a binaries/fprintf.o
                0x0000000000106caa                fprintf
 .text          0x0000000000106cd4       0x2c binaries/fputc.o
                0x0000000000106cd4                fputc
 .text          0x0000000000106d00       0x43 binaries/fputs.o
                0x0000000000106d00                fputs
 .text          0x0000000000106d43       0x8a binaries/fscanf.o
                0x0000000000106d43                fscanf
 .text          0x0000000000106dcd       0x31 binaries/getchar.o
                0x0000000000106dcd                getchar
 .text          0x0000000000106dfe       0x11 binaries/labs.o
                0x0000000000106dfe                labs
 .text          0x0000000000106e0f        0x0 binaries/memchr.o
 .text          0x0000000000106e0f       0x51 binaries/memcmp.o
                0x0000000000106e0f                memcmp
 .text          0x0000000000106e60       0x3f binaries/memcpy.o
                0x0000000000106e60                memcpy
 .text          0x0000000000106e9f       0x30 binaries/memset.o
                0x0000000000106e9f                memset
 .text          0x0000000000106ecf       0x47 binaries/printf.o
                0x0000000000106ecf                printf
 .text          0x0000000000106f16       0x34 binaries/putchar.o
                0x0000000000106f16                putchar
 .text          0x0000000000106f4a      0x27e binaries/qsort.o
                0x0000000000106f4a                qsort
 .text          0x00000000001071c8       0x63 binaries/rand.o
                0x00000000001071c8                rand
                0x00000000001071e0                rand_r
                0x000000000010721e                srand
 .text          0x000000000010722b       0x66 binaries/sprintf.o
                0x000000000010722b                sprintf
 .text          0x0000000000107291       0x70 binaries/sscanf.o
                0x0000000000107291                sscanf
 .text          0x0000000000107301       0x3c binaries/strchr.o
                0x0000000000107301                strchr
 .text          0x000000000010733d       0x45 binaries/strcmp.o
                0x000000000010733d                strcmp
 .text          0x0000000000107382       0x27 binaries/strcpy.o
                0x0000000000107382                strcpy
 .text          0x00000000001073a9       0x26 binaries/strlen.o
                0x00000000001073a9                strlen
 .text          0x00000000001073cf       0x56 binaries/strncat.o
                0x00000000001073cf                strncat
 .text          0x0000000000107425       0x5f binaries/strncmp.o
                0x0000000000107425                strncmp
 .text          0x0000000000107484       0x4f binaries/strncpy.o
                0x0000000000107484                strncpy
 .text          0x00000000001074d3       0x2e binaries/strnlen.o
                0x00000000001074d3                strnlen
 .text          0x0000000000107501       0x45 binaries/strrchr.o
                0x0000000000107501                strrchr
 .text          0x0000000000107546       0x6d binaries/strstr.o
                0x0000000000107546                strstr
 .text          0x00000000001075b3       0xe4 binaries/ttycontrol.o
                0x00000000001075b3                ttycontrol
 .text          0x0000000000107697       0x97 binaries/ttygetc.o
                0x0000000000107697                ttygetc
 .text          0x000000000010772e      0x6ee binaries/ttyhandle_in.o
                0x000000000010772e                ttyhandle_in
 .text          0x0000000000107e1c      0x1ae binaries/ttyhandle_out.o
                0x0000000000107e1c                ttyhandle_out
 .text          0x0000000000107fca       0xce binaries/ttyhandler.o
                0x0000000000107fca                ttyhandler
 .text          0x0000000000108098      0x22f binaries/ttyinit.o
                0x0000000000108098                ttyinit
 .text          0x00000000001082c7       0x1b binaries/ttykickout.o
                0x00000000001082c7                ttykickout
 .text          0x00000000001082e2       0xb7 binaries/ttyputc.o
                0x00000000001082e2                ttyputc
 .text          0x0000000000108399      0x11b binaries/ttyread.o
                0x0000000000108399                ttyread
 .text          0x00000000001084b4       0x4f binaries/ttywrite.o
                0x00000000001084b4                ttywrite
 .text          0x0000000000108503      0x14b binaries/mount.o
                0x0000000000108503                mount
                0x0000000000108618                namlen
 .text          0x000000000010864e      0x1ea binaries/naminit.o
                0x000000000010864e                naminit
 .text          0x0000000000108838      0x211 binaries/nammap.o
                0x0000000000108838                nammap
                0x00000000001088c3                namrepl
                0x00000000001089f9                namcpy
 .text          0x0000000000108a49       0x4e binaries/namopen.o
                0x0000000000108a49                namopen
 .text          0x0000000000108a97      0xec3 binaries/82545EMInit.o
                0x0000000000108af5                _82545EMInit
                0x00000000001097c6                _82545EM_read_phy_reg
                0x000000000010988c                _82545EM_write_phy_reg
 .text          0x000000000010995a      0x241 binaries/ethcontrol.o
                0x00000000001099b8                ethcontrol
                0x0000000000109b2e                ethIrqDisable
                0x0000000000109b63                ethIrqEnable
 .text          0x0000000000109b9b      0x252 binaries/ethhandler.o
                0x0000000000109d0b                ethhandler
 .text          0x0000000000109ded      0x126 binaries/ethinit.o
                0x0000000000109ded                ethinit
 .text          0x0000000000109f13      0x1f4 binaries/ethread.o
                0x0000000000109f71                ethread
 .text          0x000000000010a107      0x19f binaries/ethwrite.o
                0x000000000010a165                ethwrite
 .text          0x000000000010a2a6       0x9e binaries/rdsbufalloc.o
                0x000000000010a2a6                rdsbufalloc
 .text          0x000000000010a344       0xcc binaries/rdsclose.o
                0x000000000010a344                rdsclose
 .text          0x000000000010a410      0x2e8 binaries/rdscomm.o
                0x000000000010a410                rdscomm
 .text          0x000000000010a6f8      0x233 binaries/rdscontrol.o
                0x000000000010a6f8                rdscontrol
 .text          0x000000000010a92b      0x1f3 binaries/rdsinit.o
                0x000000000010a92b                rdsinit
 .text          0x000000000010ab1e      0x19b binaries/rdsopen.o
                0x000000000010ab1e                rdsopen
 .text          0x000000000010acb9      0x461 binaries/rdsprocess.o
                0x000000000010acb9                rdsprocess
 .text          0x000000000010b11a      0x259 binaries/rdsread.o
                0x000000000010b11a                rdsread
 .text          0x000000000010b373      0x1fe binaries/rdswrite.o
                0x000000000010b373                rdswrite
 .text          0x000000000010b571        0xa binaries/ramclose.o
                0x000000000010b571                ramclose
 .text          0x000000000010b57b       0x3e binaries/raminit.o
                0x000000000010b57b                raminit
 .text          0x000000000010b5b9        0xa binaries/ramopen.o
                0x000000000010b5b9                ramopen
 .text          0x000000000010b5c3       0x32 binaries/ramread.o
                0x000000000010b5c3                ramread
 .text          0x000000000010b5f5       0x32 binaries/ramwrite.o
                0x000000000010b5f5                ramwrite
 .text          0x000000000010b627       0x98 binaries/lfdballoc.o
                0x000000000010b627                lfdballoc
 .text          0x000000000010b6bf       0x58 binaries/lfdbfree.o
                0x000000000010b6bf                lfdbfree
 .text          0x000000000010b717       0xb6 binaries/lfflush.o
                0x000000000010b717                lfflush
 .text          0x000000000010b7cd       0xd8 binaries/lfgetmode.o
                0x000000000010b7cd                lfgetmode
 .text          0x000000000010b8a5       0x68 binaries/lfiballoc.o
                0x000000000010b8a5                lfiballoc
 .text          0x000000000010b90d       0x3b binaries/lfibclear.o
                0x000000000010b90d                lfibclear
 .text          0x000000000010b948       0xad binaries/lfibget.o
                0x000000000010b948                lfibget
 .text          0x000000000010b9f5       0xdc binaries/lfibput.o
                0x000000000010b9f5                lfibput
 .text          0x000000000010bad1       0xa2 binaries/lflclose.o
                0x000000000010bad1                lflclose
 .text          0x000000000010bb73       0xd0 binaries/lflcontrol.o
                0x000000000010bb73                lflcontrol
 .text          0x000000000010bc43       0xf2 binaries/lflgetc.o
                0x000000000010bc43                lflgetc
 .text          0x000000000010bd35       0xf1 binaries/lflinit.o
                0x000000000010bd35                lflinit
 .text          0x000000000010be26      0x122 binaries/lflputc.o
                0x000000000010be26                lflputc
 .text          0x000000000010bf48       0x70 binaries/lflread.o
                0x000000000010bf48                lflread
 .text          0x000000000010bfb8       0xac binaries/lflseek.o
                0x000000000010bfb8                lflseek
 .text          0x000000000010c064       0x55 binaries/lflwrite.o
                0x000000000010c064                lflwrite
 .text          0x000000000010c0b9       0x62 binaries/lfscheck.o
                0x000000000010c0b9                lfscheck
 .text          0x000000000010c11b      0x175 binaries/lfsckfmt.o
                0x000000000010c11b                lfsckfmt
 .text          0x000000000010c290      0x1ad binaries/lfscreate.o
                0x000000000010c290                lfscreate
 .text          0x000000000010c43d      0x278 binaries/lfsetup.o
                0x000000000010c43d                lfsetup
 .text          0x000000000010c6b5       0x51 binaries/lfsinit.o
                0x000000000010c6b5                lfsinit
 .text          0x000000000010c706      0x3c0 binaries/lfsopen.o
                0x000000000010c706                lfsopen
 .text          0x000000000010cac6      0x15e binaries/lftruncate.o
                0x000000000010cac6                lftruncate
 .text          0x000000000010cc24       0x71 binaries/rflclose.o
                0x000000000010cc24                rflclose
 .text          0x000000000010cc95       0x32 binaries/rflgetc.o
                0x000000000010cc95                rflgetc
 .text          0x000000000010ccc7       0x76 binaries/rflinit.o
                0x000000000010ccc7                rflinit
 .text          0x000000000010cd3d       0x33 binaries/rflputc.o
                0x000000000010cd3d                rflputc
 .text          0x000000000010cd70      0x360 binaries/rflread.o
                0x000000000010cd70                rflread
 .text          0x000000000010d0d0       0x74 binaries/rflseek.o
                0x000000000010d0d0                rflseek
 .text          0x000000000010d144      0x34d binaries/rflwrite.o
                0x000000000010d144                rflwrite
 .text          0x000000000010d491      0x1e2 binaries/rfscomm.o
                0x000000000010d491                rfscomm
 .text          0x000000000010d673      0x26d binaries/rfscontrol.o
                0x000000000010d673                rfscontrol
 .text          0x000000000010d8e0       0xd8 binaries/rfsgetmode.o
                0x000000000010d8e0                rfsgetmode
 .text          0x000000000010d9b8       0x86 binaries/rfsinit.o
                0x000000000010d9b8                rfsinit
 .text          0x000000000010da3e      0x111 binaries/rfsndmsg.o
                0x000000000010da3e                rfsndmsg
 .text          0x000000000010db4f      0x2aa binaries/rfsopen.o
                0x000000000010db4f                rfsopen
 .text          0x000000000010ddf9      0x836 binaries/arp.o
                0x000000000010ddf9                arp_init
                0x000000000010de2b                arp_resolve
                0x000000000010e0df                arp_in
                0x000000000010e397                arp_alloc
                0x000000000010e457                arp_ntoh
                0x000000000010e543                arp_hton
 .text          0x000000000010e62f      0x8e3 binaries/dhcp.o
                0x000000000010e62f                dhcp_get_opt_val
                0x000000000010e688                dhcp_bld_bootp_msg
                0x000000000010e795                dhcp_bld_disc
                0x000000000010e87e                dhcp_bld_req
                0x000000000010e9f0                getlocalip
 .text          0x000000000010ef12      0x59f binaries/dns.o
                0x000000000010ef12                dnslookup
 .text          0x000000000010f4b1       0xe8 binaries/dot2ip.o
                0x000000000010f4b1                dot2ip
 .text          0x000000000010f599      0x4c4 binaries/hexdump.o
                0x000000000010f599                hexdump
                0x000000000010f740                hexadump
 .text          0x000000000010fa5d      0x8af binaries/icmp.o
                0x000000000010fa5d                icmp_init
                0x000000000010fa94                icmp_in
                0x000000000010fc6a                icmp_register
                0x000000000010fd65                icmp_recv
                0x000000000010fef1                icmp_send
                0x000000000010ff79                icmp_mkpkt
                0x0000000000110093                icmp_release
                0x0000000000110191                icmp_cksum
                0x0000000000110224                icmp_hton
                0x0000000000110298                icmp_ntoh
 .text          0x000000000011030c      0x8a5 binaries/ip.o
                0x000000000011030c                ip_in
                0x0000000000110490                ip_send
                0x00000000001105eb                ip_local
                0x0000000000110637                ip_out
                0x0000000000110770                ipcksum
                0x00000000001107f6                ip_ntoh
                0x00000000001108e2                ip_hton
                0x00000000001109ce                ipout
                0x0000000000110afd                ip_enqueue
 .text          0x0000000000110bb1      0x2cd binaries/net.o
                0x0000000000110bb1                net_init
                0x0000000000110cd9                netin
                0x0000000000110d96                eth_hton
                0x0000000000110dc0                eth_ntoh
                0x0000000000110dea                getport
 .text          0x0000000000110e7e     0x147f binaries/pdump.o
                0x0000000000110e7e                pdump
                0x0000000000111c3b                pdumph
 .text          0x00000000001122fd      0x613 binaries/tftp.o
                0x00000000001122fd                tftp_send1
                0x0000000000112475                tftpget
                0x00000000001124a7                tftpget_mb
 .text          0x0000000000112910      0xb82 binaries/udp.o
                0x0000000000112910                udp_init
                0x0000000000112945                udp_in
                0x0000000000112a87                udp_register
                0x0000000000112bc4                udp_recv
                0x0000000000112d60                udp_recvaddr
                0x0000000000112f14                udp_send
                0x00000000001130fc                udp_sendto
                0x00000000001132ad                udp_release
                0x00000000001133a8                udp_ntoh
                0x000000000011341d                udp_hton
 .text          0x0000000000113492      0x138 binaries/addargs.o
                0x0000000000113492                addargs
 .text          0x00000000001135ca      0x2c9 binaries/lexan.o
                0x00000000001135ca                lexan
 .text          0x0000000000113893      0x663 binaries/shell.o
                0x0000000000113893                shell
 .text          0x0000000000113ef6       0x69 binaries/xsh_argecho.o
                0x0000000000113ef6                xsh_argecho
 .text          0x0000000000113f5f      0x275 binaries/xsh_arp.o
                0x0000000000113f5f                xsh_arp
 .text          0x00000000001141d4      0x26f binaries/xsh_cat.o
                0x00000000001141d4                xsh_cat
 .text          0x0000000000114443       0x5e binaries/xsh_clear.o
                0x0000000000114443                xsh_clear
 .text          0x00000000001144a1      0x2f7 binaries/xsh_date.o
                0x00000000001144a1                xsh_date
 .text          0x0000000000114798       0xae binaries/xsh_devdump.o
                0x0000000000114798                xsh_devdump
 .text          0x0000000000114846       0x72 binaries/xsh_echo.o
                0x0000000000114846                xsh_echo
 .text          0x00000000001148b8        0xa binaries/xsh_exit.o
                0x00000000001148b8                xsh_exit
 .text          0x00000000001148c2      0x389 binaries/xsh_help.o
                0x00000000001148c2                xsh_help
 .text          0x0000000000114c4b      0x249 binaries/xsh_kill.o
                0x0000000000114c4b                xsh_kill
 .text          0x0000000000114e94      0x545 binaries/xsh_memdump.o
                0x0000000000114e94                xsh_memdump
 .text          0x00000000001153d9      0x2a7 binaries/xsh_memstat.o
                0x00000000001153d9                xsh_memstat
 .text          0x0000000000115680      0x50d binaries/xsh_netinfo.o
                0x0000000000115680                xsh_netinfo
 .text          0x0000000000115b8d      0x48f binaries/xsh_ping.o
                0x0000000000115b8d                xsh_ping
 .text          0x000000000011601c      0x220 binaries/xsh_ps.o
                0x000000000011601c                xsh_ps
 .text          0x000000000011623c      0x225 binaries/xsh_sleep.o
                0x000000000011623c                xsh_sleep
 .text          0x0000000000116461      0x27a binaries/xsh_udpdump.o
                0x0000000000116461                xsh_udpdump
 .text          0x00000000001166db      0x4bf binaries/xsh_udpecho.o
                0x00000000001166db                xsh_udpecho
 .text          0x0000000000116b9a      0x2b0 binaries/xsh_udpserver.o
                0x0000000000116b9a                xsh_udpeserver
 .text          0x0000000000116e4a      0x1f3 binaries/xsh_uptime.o
                0x0000000000116e4a                xsh_uptime
 .text          0x000000000011703d        0xe binaries/clkdisp.o
                0x000000000011703d                clkdisp
 .text          0x000000000011704b       0x19 binaries/ctxsw.o
                0x000000000011704b                ctxsw
 .text          0x0000000000117064      0x36b binaries/intr.o
                0x0000000000117064                disable
                0x000000000011706d                restore
                0x000000000011707b                enable
                0x000000000011707d                pause
                0x0000000000117084                halt
                0x000000000011708a                spurious_irq7
                0x000000000011708f                spurious_irq15
                0x000000000011709e                _Xint0
                0x00000000001170a9                _Xint1
                0x00000000001170b4                _Xint2
                0x00000000001170bf                _Xint3
                0x00000000001170ca                _Xint4
                0x00000000001170d5                _Xint5
                0x00000000001170e0                _Xint6
                0x00000000001170eb                _Xint7
                0x00000000001170f6                _Xint8
                0x0000000000117101                _Xint9
                0x000000000011710c                _Xint10
                0x0000000000117117                _Xint11
                0x0000000000117125                _Xint12
                0x0000000000117133                _Xint13
                0x0000000000117141                _Xint14
                0x000000000011714f                _Xint15
                0x000000000011715d                _Xint16
                0x000000000011716b                _Xint17
                0x0000000000117179                _Xint18
                0x0000000000117187                _Xint19
                0x0000000000117195                _Xint20
                0x00000000001171a3                _Xint21
                0x00000000001171b1                _Xint22
                0x00000000001171bf                _Xint23
                0x00000000001171cd                _Xint24
                0x00000000001171db                _Xint25
                0x00000000001171e9                _Xint26
                0x00000000001171f7                _Xint27
                0x0000000000117205                _Xint28
                0x0000000000117213                _Xint29
                0x0000000000117221                _Xint30
                0x000000000011722f                _Xint31
                0x000000000011723d                _Xint32
                0x000000000011724b                _Xint33
                0x0000000000117259                _Xint34
                0x0000000000117267                _Xint35
                0x0000000000117275                _Xint36
                0x0000000000117283                _Xint37
                0x0000000000117291                _Xint38
                0x000000000011729f                _Xint39
                0x00000000001172ad                _Xint40
                0x00000000001172bb                _Xint41
                0x00000000001172c9                _Xint42
                0x00000000001172d7                _Xint43
                0x00000000001172e5                _Xint44
                0x00000000001172f3                _Xint45
                0x0000000000117301                _Xint46
                0x000000000011730f                defevec
 .text          0x00000000001173cf        0xf binaries/ttydispatch.o
                0x00000000001173cf                ttydispatch
 .text          0x00000000001173de       0x13 binaries/ethdispatch.o
                0x00000000001173de                ethdispatch
 *(.rodata .rodata.*)
 *fill*         0x00000000001173f1        0x3 
 .rodata        0x00000000001173f4       0x8e binaries/ascdate.o
 .rodata        0x0000000000117482       0x13 binaries/clkhandler.o
 .rodata        0x0000000000117495       0xae binaries/conf.o
 *fill*         0x0000000000117543        0x1 
 .rodata        0x0000000000117544      0x22f binaries/evec.o
 *fill*         0x0000000000117773        0x1 
 .rodata        0x0000000000117774       0x61 binaries/getutime.o
 *fill*         0x00000000001177d5        0x3 
 .rodata        0x00000000001177d8       0x90 binaries/i386.o
 .rodata        0x0000000000117868      0x180 binaries/initialize.o
 .rodata        0x00000000001179e8       0x20 binaries/kill.o
 .rodata        0x0000000000117a08       0x78 binaries/lottery_test_case_1.o
 .rodata        0x0000000000117a80       0x2a binaries/main.o
 .rodata        0x0000000000117aaa        0xf binaries/panic.o
 *fill*         0x0000000000117ab9        0x3 
 .rodata        0x0000000000117abc      0x1ec binaries/pci.o
 .rodata        0x0000000000117ca8       0x1d binaries/print_ready_list.o
 .rodata        0x0000000000117cc5       0x1d binaries/ptinit.o
 *fill*         0x0000000000117ce2        0x2 
 .rodata        0x0000000000117ce4       0x25 binaries/ptsend.o
 .rodata        0x0000000000117d09        0x7 binaries/resched.o
 .rodata        0x0000000000117d10       0xb7 binaries/stacktrace.o
 *fill*         0x0000000000117dc7        0x1 
 .rodata        0x0000000000117dc8       0x27 binaries/xdone.o
 *fill*         0x0000000000117def       0x11 
 .rodata        0x0000000000117e00       0x81 binaries/ctype_.o
                0x0000000000117e00                _ctype_
 *fill*         0x0000000000117e81        0x3 
 .rodata        0x0000000000117e84       0xee binaries/doprnt.o
 *fill*         0x0000000000117f72        0x2 
 .rodata        0x0000000000117f74       0x98 binaries/doscan.o
 .rodata        0x000000000011800c       0xae binaries/fdoprnt.o
 *fill*         0x00000000001180ba        0x2 
 .rodata        0x00000000001180bc       0x20 binaries/ttycontrol.o
 .rodata        0x00000000001180dc       0x34 binaries/ttyhandler.o
 .rodata        0x0000000000118110       0x80 binaries/naminit.o
 .rodata        0x0000000000118190       0x2e binaries/82545EMInit.o
 *fill*         0x00000000001181be        0x2 
 .rodata        0x00000000001181c0       0x78 binaries/ethinit.o
 .rodata        0x0000000000118238       0x18 binaries/ethread.o
 .rodata        0x0000000000118250       0x2c binaries/rdsbufalloc.o
 .rodata        0x000000000011827c       0x76 binaries/rdscomm.o
 *fill*         0x00000000001182f2        0x2 
 .rodata        0x00000000001182f4       0x48 binaries/rdscontrol.o
 .rodata        0x000000000011833c       0x96 binaries/rdsinit.o
 *fill*         0x00000000001183d2        0x2 
 .rodata        0x00000000001183d4       0x22 binaries/rdsopen.o
 *fill*         0x00000000001183f6        0x2 
 .rodata        0x00000000001183f8       0x4d binaries/rdsprocess.o
 .rodata        0x0000000000118445        0x9 binaries/raminit.o
 *fill*         0x000000000011844e        0x2 
 .rodata        0x0000000000118450       0x37 binaries/lfdballoc.o
 .rodata        0x0000000000118487       0x14 binaries/lfiballoc.o
 *fill*         0x000000000011849b        0x1 
 .rodata        0x000000000011849c       0x23 binaries/lflcontrol.o
 *fill*         0x00000000001184bf        0x1 
 .rodata        0x00000000001184c0      0x11b binaries/lfsckfmt.o
 *fill*         0x00000000001185db        0x1 
 .rodata        0x00000000001185dc       0x2a binaries/lfsopen.o
 *fill*         0x0000000000118606        0x2 
 .rodata        0x0000000000118608       0x21 binaries/rflread.o
 *fill*         0x0000000000118629        0x3 
 .rodata        0x000000000011862c       0x21 binaries/rflwrite.o
 *fill*         0x000000000011864d        0x3 
 .rodata        0x0000000000118650       0x75 binaries/rfscomm.o
 *fill*         0x00000000001186c5        0x3 
 .rodata        0x00000000001186c8       0x3c binaries/rfscontrol.o
 .rodata        0x0000000000118704       0x63 binaries/rfsinit.o
 *fill*         0x0000000000118767        0x1 
 .rodata        0x0000000000118768       0x2a binaries/rfsndmsg.o
 *fill*         0x0000000000118792        0x2 
 .rodata        0x0000000000118794       0x22 binaries/rfsopen.o
 *fill*         0x00000000001187b6        0x2 
 .rodata        0x00000000001187b8       0x3a binaries/arp.o
 *fill*         0x00000000001187f2        0x2 
 .rodata        0x00000000001187f4       0xcf binaries/dhcp.o
 .rodata        0x00000000001188c3       0x1a binaries/dns.o
 *fill*         0x00000000001188dd        0x3 
 .rodata        0x00000000001188e0       0xc9 binaries/hexdump.o
 *fill*         0x00000000001189a9        0x3 
 .rodata        0x00000000001189ac       0x29 binaries/icmp.o
 *fill*         0x00000000001189d5        0x3 
 .rodata        0x00000000001189d8       0x6e binaries/ip.o
 *fill*         0x0000000000118a46        0x2 
 .rodata        0x0000000000118a48       0x4f binaries/net.o
 *fill*         0x0000000000118a97        0x1 
 .rodata        0x0000000000118a98      0x26f binaries/pdump.o
 *fill*         0x0000000000118d07        0x1 
 .rodata        0x0000000000118d08      0x154 binaries/tftp.o
 *fill*         0x0000000000118e5c        0x4 
 .rodata        0x0000000000118e60      0x3c1 binaries/shell.o
                0x0000000000118ee0                cmdtab
 .rodata        0x0000000000119221       0x28 binaries/xsh_argecho.o
 *fill*         0x0000000000119249        0x3 
 .rodata        0x000000000011924c      0x123 binaries/xsh_arp.o
 *fill*         0x000000000011936f        0x1 
 .rodata        0x0000000000119370       0xc9 binaries/xsh_cat.o
 .rodata        0x0000000000119439       0x19 binaries/xsh_clear.o
 *fill*         0x0000000000119452        0x2 
 .rodata        0x0000000000119454      0x1c3 binaries/xsh_date.o
 .rodata        0x0000000000119617       0x5d binaries/xsh_devdump.o
 .rodata        0x0000000000119674        0x9 binaries/xsh_echo.o
 *fill*         0x000000000011967d        0x3 
 .rodata        0x0000000000119680      0x169 binaries/xsh_help.o
 *fill*         0x00000000001197e9        0x3 
 .rodata        0x00000000001197ec      0x12e binaries/xsh_kill.o
 *fill*         0x000000000011991a        0x2 
 .rodata        0x000000000011991c      0x266 binaries/xsh_memdump.o
 *fill*         0x0000000000119b82        0x2 
 .rodata        0x0000000000119b84      0x225 binaries/xsh_memstat.o
 *fill*         0x0000000000119da9        0x3 
 .rodata        0x0000000000119dac      0x1b0 binaries/xsh_netinfo.o
 .rodata        0x0000000000119f5c      0x1a1 binaries/xsh_ping.o
 *fill*         0x000000000011a0fd        0x3 
 .rodata        0x000000000011a100      0x1e0 binaries/xsh_ps.o
 .rodata        0x000000000011a2e0       0xeb binaries/xsh_sleep.o
 *fill*         0x000000000011a3cb        0x1 
 .rodata        0x000000000011a3cc      0x1b8 binaries/xsh_udpdump.o
 .rodata        0x000000000011a584      0x215 binaries/xsh_udpecho.o
 *fill*         0x000000000011a799        0x3 
 .rodata        0x000000000011a79c      0x12b binaries/xsh_udpserver.o
 *fill*         0x000000000011a8c7        0x1 
 .rodata        0x000000000011a8c8      0x105 binaries/xsh_uptime.o
                0x000000000011a9cd                etext = ABSOLUTE (.)
                0x000000000011b000                . = ALIGN (0x1000)
 *fill*         0x000000000011a9cd      0x633 

.eh_frame       0x000000000011b000     0x2dc0
 .eh_frame      0x000000000011b000       0x38 binaries/ascdate.o
 .eh_frame      0x000000000011b038       0x20 binaries/bufinit.o
                                         0x38 (size before relaxing)
 .eh_frame      0x000000000011b058       0x20 binaries/chprio.o
                                         0x38 (size before relaxing)
 .eh_frame      0x000000000011b078       0x20 binaries/clkhandler.o
                                         0x38 (size before relaxing)
 .eh_frame      0x000000000011b098       0x20 binaries/clkinit.o
                                         0x38 (size before relaxing)
 .eh_frame      0x000000000011b0b8       0x20 binaries/close.o
                                         0x38 (size before relaxing)
 .eh_frame      0x000000000011b0d8       0x20 binaries/control.o
                                         0x38 (size before relaxing)
 .eh_frame      0x000000000011b0f8       0x40 binaries/create.o
                                         0x58 (size before relaxing)
 .eh_frame      0x000000000011b138       0x60 binaries/create_user_proc.o
                                         0x78 (size before relaxing)
 .eh_frame      0x000000000011b198       0x60 binaries/evec.o
                                         0x78 (size before relaxing)
 .eh_frame      0x000000000011b1f8       0x20 binaries/exit.o
                                         0x38 (size before relaxing)
 .eh_frame      0x000000000011b218       0x20 binaries/freebuf.o
                                         0x38 (size before relaxing)
 .eh_frame      0x000000000011b238       0x20 binaries/freemem.o
                                         0x38 (size before relaxing)
 .eh_frame      0x000000000011b258       0x20 binaries/getbuf.o
                                         0x38 (size before relaxing)
 .eh_frame      0x000000000011b278       0x20 binaries/getc.o
                                         0x38 (size before relaxing)
 .eh_frame      0x000000000011b298       0x20 binaries/getdev.o
                                         0x38 (size before relaxing)
 .eh_frame      0x000000000011b2b8       0x60 binaries/getitem.o
                                         0x78 (size before relaxing)
 .eh_frame      0x000000000011b318       0x20 binaries/getmem.o
                                         0x38 (size before relaxing)
 .eh_frame      0x000000000011b338       0x20 binaries/getpid.o
                                         0x38 (size before relaxing)
 .eh_frame      0x000000000011b358       0x20 binaries/getprio.o
                                         0x38 (size before relaxing)
 .eh_frame      0x000000000011b378       0x20 binaries/getstk.o
                                         0x38 (size before relaxing)
 .eh_frame      0x000000000011b398       0x20 binaries/getticks.o
                                         0x38 (size before relaxing)
 .eh_frame      0x000000000011b3b8       0x20 binaries/gettime.o
                                         0x38 (size before relaxing)
 .eh_frame      0x000000000011b3d8       0x20 binaries/getutime.o
                                         0x38 (size before relaxing)
 .eh_frame      0x000000000011b3f8       0x8c binaries/i386.o
                                         0xa4 (size before relaxing)
 .eh_frame      0x000000000011b484       0x20 binaries/init.o
                                         0x38 (size before relaxing)
 .eh_frame      0x000000000011b4a4       0xa0 binaries/initialize.o
                                         0xb8 (size before relaxing)
 .eh_frame      0x000000000011b544       0x40 binaries/insert.o
                                         0x58 (size before relaxing)
 .eh_frame      0x000000000011b584       0x20 binaries/insertd.o
                                         0x38 (size before relaxing)
 .eh_frame      0x000000000011b5a4       0x20 binaries/ioerr.o
                                         0x38 (size before relaxing)
 .eh_frame      0x000000000011b5c4       0x20 binaries/ionull.o
                                         0x38 (size before relaxing)
 .eh_frame      0x000000000011b5e4       0x20 binaries/kill.o
                                         0x38 (size before relaxing)
 .eh_frame      0x000000000011b604       0x60 binaries/kprintf.o
                                         0x78 (size before relaxing)
 .eh_frame      0x000000000011b664       0xa0 binaries/lottery_test_case_1.o
                                         0xb8 (size before relaxing)
 .eh_frame      0x000000000011b704       0x1c binaries/main.o
                                         0x34 (size before relaxing)
 .eh_frame      0x000000000011b720       0x40 binaries/mark.o
                                         0x58 (size before relaxing)
 .eh_frame      0x000000000011b760       0x20 binaries/meminit.o
                                         0x38 (size before relaxing)
 .eh_frame      0x000000000011b780       0x20 binaries/mkbufpool.o
                                         0x38 (size before relaxing)
 .eh_frame      0x000000000011b7a0       0x20 binaries/newqueue.o
                                         0x38 (size before relaxing)
 .eh_frame      0x000000000011b7c0       0x20 binaries/open.o
                                         0x38 (size before relaxing)
 .eh_frame      0x000000000011b7e0       0x1c binaries/panic.o
                                         0x34 (size before relaxing)
 .eh_frame      0x000000000011b7fc      0x1c8 binaries/pci.o
                                        0x1e0 (size before relaxing)
 .eh_frame      0x000000000011b9c4       0x20 binaries/print_ready_list.o
                                         0x38 (size before relaxing)
 .eh_frame      0x000000000011b9e4       0x20 binaries/ptclear.o
                                         0x38 (size before relaxing)
 .eh_frame      0x000000000011ba04       0x20 binaries/ptcount.o
                                         0x38 (size before relaxing)
 .eh_frame      0x000000000011ba24       0x20 binaries/ptcreate.o
                                         0x38 (size before relaxing)
 .eh_frame      0x000000000011ba44       0x20 binaries/ptdelete.o
                                         0x38 (size before relaxing)
 .eh_frame      0x000000000011ba64       0x20 binaries/ptinit.o
                                         0x38 (size before relaxing)
 .eh_frame      0x000000000011ba84       0x20 binaries/ptrecv.o
                                         0x38 (size before relaxing)
 .eh_frame      0x000000000011baa4       0x20 binaries/ptreset.o
                                         0x38 (size before relaxing)
 .eh_frame      0x000000000011bac4       0x20 binaries/ptsend.o
                                         0x38 (size before relaxing)
 .eh_frame      0x000000000011bae4       0x20 binaries/putc.o
                                         0x38 (size before relaxing)
 .eh_frame      0x000000000011bb04       0x80 binaries/queue.o
                                         0x98 (size before relaxing)
 .eh_frame      0x000000000011bb84       0x20 binaries/read.o
                                         0x38 (size before relaxing)
 .eh_frame      0x000000000011bba4       0x24 binaries/ready.o
                                         0x3c (size before relaxing)
 .eh_frame      0x000000000011bbc8       0x20 binaries/receive.o
                                         0x38 (size before relaxing)
 .eh_frame      0x000000000011bbe8       0x20 binaries/recvclr.o
                                         0x38 (size before relaxing)
 .eh_frame      0x000000000011bc08       0x20 binaries/recvtime.o
                                         0x38 (size before relaxing)
 .eh_frame      0x000000000011bc28       0x60 binaries/resched.o
                                         0x78 (size before relaxing)
 .eh_frame      0x000000000011bc88       0x20 binaries/resume.o
                                         0x38 (size before relaxing)
 .eh_frame      0x000000000011bca8       0x20 binaries/seek.o
                                         0x38 (size before relaxing)
 .eh_frame      0x000000000011bcc8       0x20 binaries/semcount.o
                                         0x38 (size before relaxing)
 .eh_frame      0x000000000011bce8       0x40 binaries/semcreate.o
                                         0x58 (size before relaxing)
 .eh_frame      0x000000000011bd28       0x20 binaries/semdelete.o
                                         0x38 (size before relaxing)
 .eh_frame      0x000000000011bd48       0x20 binaries/semreset.o
                                         0x38 (size before relaxing)
 .eh_frame      0x000000000011bd68       0x20 binaries/send.o
                                         0x38 (size before relaxing)
 .eh_frame      0x000000000011bd88       0x20 binaries/signal.o
                                         0x38 (size before relaxing)
 .eh_frame      0x000000000011bda8       0x20 binaries/signaln.o
                                         0x38 (size before relaxing)
 .eh_frame      0x000000000011bdc8       0x40 binaries/sleep.o
                                         0x58 (size before relaxing)
 .eh_frame      0x000000000011be08       0x20 binaries/stacktrace.o
                                         0x38 (size before relaxing)
 .eh_frame      0x000000000011be28       0x20 binaries/suspend.o
                                         0x38 (size before relaxing)
 .eh_frame      0x000000000011be48       0x20 binaries/unsleep.o
                                         0x38 (size before relaxing)
 .eh_frame      0x000000000011be68       0x20 binaries/userret.o
                                         0x38 (size before relaxing)
 .eh_frame      0x000000000011be88       0x20 binaries/wait.o
                                         0x38 (size before relaxing)
 .eh_frame      0x000000000011bea8       0x20 binaries/wakeup.o
                                         0x38 (size before relaxing)
 .eh_frame      0x000000000011bec8       0x20 binaries/write.o
                                         0x38 (size before relaxing)
 .eh_frame      0x000000000011bee8       0x20 binaries/xdone.o
                                         0x38 (size before relaxing)
 .eh_frame      0x000000000011bf08       0x20 binaries/yield.o
                                         0x38 (size before relaxing)
 .eh_frame      0x000000000011bf28       0x20 binaries/abs.o
                                         0x38 (size before relaxing)
 .eh_frame      0x000000000011bf48       0x20 binaries/atoi.o
                                         0x38 (size before relaxing)
 .eh_frame      0x000000000011bf68       0x20 binaries/atol.o
                                         0x38 (size before relaxing)
 .eh_frame      0x000000000011bf88       0x20 binaries/bzero.o
                                         0x38 (size before relaxing)
 .eh_frame      0x000000000011bfa8       0xe0 binaries/doprnt.o
                                         0xf8 (size before relaxing)
 .eh_frame      0x000000000011c088       0xb0 binaries/doscan.o
                                         0xc8 (size before relaxing)
 .eh_frame      0x000000000011c138       0xc0 binaries/fdoprnt.o
                                         0xd8 (size before relaxing)
 .eh_frame      0x000000000011c1f8       0x20 binaries/fgetc.o
                                         0x38 (size before relaxing)
 .eh_frame      0x000000000011c218       0x20 binaries/fgets.o
                                         0x38 (size before relaxing)
 .eh_frame      0x000000000011c238       0x20 binaries/fprintf.o
                                         0x38 (size before relaxing)
 .eh_frame      0x000000000011c258       0x20 binaries/fputc.o
                                         0x38 (size before relaxing)
 .eh_frame      0x000000000011c278       0x20 binaries/fputs.o
                                         0x38 (size before relaxing)
 .eh_frame      0x000000000011c298       0x60 binaries/fscanf.o
                                         0x78 (size before relaxing)
 .eh_frame      0x000000000011c2f8       0x20 binaries/getchar.o
                                         0x38 (size before relaxing)
 .eh_frame      0x000000000011c318       0x20 binaries/labs.o
                                         0x38 (size before relaxing)
 .eh_frame      0x000000000011c338       0x20 binaries/memcmp.o
                                         0x38 (size before relaxing)
 .eh_frame      0x000000000011c358       0x24 binaries/memcpy.o
                                         0x3c (size before relaxing)
 .eh_frame      0x000000000011c37c       0x24 binaries/memset.o
                                         0x3c (size before relaxing)
 .eh_frame      0x000000000011c3a0       0x20 binaries/printf.o
                                         0x38 (size before relaxing)
 .eh_frame      0x000000000011c3c0       0x20 binaries/putchar.o
                                         0x38 (size before relaxing)
 .eh_frame      0x000000000011c3e0       0xa8 binaries/qsort.o
                                         0xc0 (size before relaxing)
 .eh_frame      0x000000000011c488       0x60 binaries/rand.o
                                         0x78 (size before relaxing)
 .eh_frame      0x000000000011c4e8       0x40 binaries/sprintf.o
                                         0x58 (size before relaxing)
 .eh_frame      0x000000000011c528       0x60 binaries/sscanf.o
                                         0x78 (size before relaxing)
 .eh_frame      0x000000000011c588       0x20 binaries/strchr.o
                                         0x38 (size before relaxing)
 .eh_frame      0x000000000011c5a8       0x20 binaries/strcmp.o
                                         0x38 (size before relaxing)
 .eh_frame      0x000000000011c5c8       0x20 binaries/strcpy.o
                                         0x38 (size before relaxing)
 .eh_frame      0x000000000011c5e8       0x20 binaries/strlen.o
                                         0x38 (size before relaxing)
 .eh_frame      0x000000000011c608       0x20 binaries/strncat.o
                                         0x38 (size before relaxing)
 .eh_frame      0x000000000011c628       0x20 binaries/strncmp.o
                                         0x38 (size before relaxing)
 .eh_frame      0x000000000011c648       0x28 binaries/strncpy.o
                                         0x40 (size before relaxing)
 .eh_frame      0x000000000011c670       0x20 binaries/strnlen.o
                                         0x38 (size before relaxing)
 .eh_frame      0x000000000011c690       0x20 binaries/strrchr.o
                                         0x38 (size before relaxing)
 .eh_frame      0x000000000011c6b0       0x20 binaries/strstr.o
                                         0x38 (size before relaxing)
 .eh_frame      0x000000000011c6d0       0x20 binaries/ttycontrol.o
                                         0x38 (size before relaxing)
 .eh_frame      0x000000000011c6f0       0x20 binaries/ttygetc.o
                                         0x38 (size before relaxing)
 .eh_frame      0x000000000011c710       0x80 binaries/ttyhandle_in.o
                                         0x98 (size before relaxing)
 .eh_frame      0x000000000011c790       0x20 binaries/ttyhandle_out.o
                                         0x38 (size before relaxing)
 .eh_frame      0x000000000011c7b0       0x20 binaries/ttyhandler.o
                                         0x38 (size before relaxing)
 .eh_frame      0x000000000011c7d0       0x20 binaries/ttyinit.o
                                         0x38 (size before relaxing)
 .eh_frame      0x000000000011c7f0       0x20 binaries/ttykickout.o
                                         0x38 (size before relaxing)
 .eh_frame      0x000000000011c810       0x20 binaries/ttyputc.o
                                         0x38 (size before relaxing)
 .eh_frame      0x000000000011c830       0x24 binaries/ttyread.o
                                         0x3c (size before relaxing)
 .eh_frame      0x000000000011c854       0x20 binaries/ttywrite.o
                                         0x38 (size before relaxing)
 .eh_frame      0x000000000011c874       0x40 binaries/mount.o
                                         0x58 (size before relaxing)
 .eh_frame      0x000000000011c8b4       0x20 binaries/naminit.o
                                         0x38 (size before relaxing)
 .eh_frame      0x000000000011c8d4       0x60 binaries/nammap.o
                                         0x78 (size before relaxing)
 .eh_frame      0x000000000011c934       0x20 binaries/namopen.o
                                         0x38 (size before relaxing)
 .eh_frame      0x000000000011c954      0x150 binaries/82545EMInit.o
                                        0x168 (size before relaxing)
 .eh_frame      0x000000000011caa4       0xa0 binaries/ethcontrol.o
                                         0xb8 (size before relaxing)
 .eh_frame      0x000000000011cb44       0x80 binaries/ethhandler.o
                                         0x98 (size before relaxing)
 .eh_frame      0x000000000011cbc4       0x20 binaries/ethinit.o
                                         0x38 (size before relaxing)
 .eh_frame      0x000000000011cbe4       0x60 binaries/ethread.o
                                         0x78 (size before relaxing)
 .eh_frame      0x000000000011cc44       0x60 binaries/ethwrite.o
                                         0x78 (size before relaxing)
 .eh_frame      0x000000000011cca4       0x20 binaries/rdsbufalloc.o
                                         0x38 (size before relaxing)
 .eh_frame      0x000000000011ccc4       0x20 binaries/rdsclose.o
                                         0x38 (size before relaxing)
 .eh_frame      0x000000000011cce4       0x20 binaries/rdscomm.o
                                         0x38 (size before relaxing)
 .eh_frame      0x000000000011cd04       0x20 binaries/rdscontrol.o
                                         0x38 (size before relaxing)
 .eh_frame      0x000000000011cd24       0x20 binaries/rdsinit.o
                                         0x38 (size before relaxing)
 .eh_frame      0x000000000011cd44       0x20 binaries/rdsopen.o
                                         0x38 (size before relaxing)
 .eh_frame      0x000000000011cd64       0x1c binaries/rdsprocess.o
                                         0x34 (size before relaxing)
 .eh_frame      0x000000000011cd80       0x20 binaries/rdsread.o
                                         0x38 (size before relaxing)
 .eh_frame      0x000000000011cda0       0x20 binaries/rdswrite.o
                                         0x38 (size before relaxing)
 .eh_frame      0x000000000011cdc0       0x20 binaries/ramclose.o
                                         0x38 (size before relaxing)
 .eh_frame      0x000000000011cde0       0x20 binaries/raminit.o
                                         0x38 (size before relaxing)
 .eh_frame      0x000000000011ce00       0x20 binaries/ramopen.o
                                         0x38 (size before relaxing)
 .eh_frame      0x000000000011ce20       0x20 binaries/ramread.o
                                         0x38 (size before relaxing)
 .eh_frame      0x000000000011ce40       0x20 binaries/ramwrite.o
                                         0x38 (size before relaxing)
 .eh_frame      0x000000000011ce60       0x20 binaries/lfdballoc.o
                                         0x38 (size before relaxing)
 .eh_frame      0x000000000011ce80       0x20 binaries/lfdbfree.o
                                         0x38 (size before relaxing)
 .eh_frame      0x000000000011cea0       0x20 binaries/lfflush.o
                                         0x38 (size before relaxing)
 .eh_frame      0x000000000011cec0       0x20 binaries/lfgetmode.o
                                         0x38 (size before relaxing)
 .eh_frame      0x000000000011cee0       0x20 binaries/lfiballoc.o
                                         0x38 (size before relaxing)
 .eh_frame      0x000000000011cf00       0x20 binaries/lfibclear.o
                                         0x38 (size before relaxing)
 .eh_frame      0x000000000011cf20       0x20 binaries/lfibget.o
                                         0x38 (size before relaxing)
 .eh_frame      0x000000000011cf40       0x20 binaries/lfibput.o
                                         0x38 (size before relaxing)
 .eh_frame      0x000000000011cf60       0x20 binaries/lflclose.o
                                         0x38 (size before relaxing)
 .eh_frame      0x000000000011cf80       0x20 binaries/lflcontrol.o
                                         0x38 (size before relaxing)
 .eh_frame      0x000000000011cfa0       0x20 binaries/lflgetc.o
                                         0x38 (size before relaxing)
 .eh_frame      0x000000000011cfc0       0x20 binaries/lflinit.o
                                         0x38 (size before relaxing)
 .eh_frame      0x000000000011cfe0       0x20 binaries/lflputc.o
                                         0x38 (size before relaxing)
 .eh_frame      0x000000000011d000       0x20 binaries/lflread.o
                                         0x38 (size before relaxing)
 .eh_frame      0x000000000011d020       0x20 binaries/lflseek.o
                                         0x38 (size before relaxing)
 .eh_frame      0x000000000011d040       0x20 binaries/lflwrite.o
                                         0x38 (size before relaxing)
 .eh_frame      0x000000000011d060       0x20 binaries/lfscheck.o
                                         0x38 (size before relaxing)
 .eh_frame      0x000000000011d080       0x20 binaries/lfsckfmt.o
                                         0x38 (size before relaxing)
 .eh_frame      0x000000000011d0a0       0x20 binaries/lfscreate.o
                                         0x38 (size before relaxing)
 .eh_frame      0x000000000011d0c0       0x20 binaries/lfsetup.o
                                         0x38 (size before relaxing)
 .eh_frame      0x000000000011d0e0       0x20 binaries/lfsinit.o
                                         0x38 (size before relaxing)
 .eh_frame      0x000000000011d100       0x20 binaries/lfsopen.o
                                         0x38 (size before relaxing)
 .eh_frame      0x000000000011d120       0x20 binaries/lftruncate.o
                                         0x38 (size before relaxing)
 .eh_frame      0x000000000011d140       0x20 binaries/rflclose.o
                                         0x38 (size before relaxing)
 .eh_frame      0x000000000011d160       0x20 binaries/rflgetc.o
                                         0x38 (size before relaxing)
 .eh_frame      0x000000000011d180       0x20 binaries/rflinit.o
                                         0x38 (size before relaxing)
 .eh_frame      0x000000000011d1a0       0x20 binaries/rflputc.o
                                         0x38 (size before relaxing)
 .eh_frame      0x000000000011d1c0       0x20 binaries/rflread.o
                                         0x38 (size before relaxing)
 .eh_frame      0x000000000011d1e0       0x20 binaries/rflseek.o
                                         0x38 (size before relaxing)
 .eh_frame      0x000000000011d200       0x20 binaries/rflwrite.o
                                         0x38 (size before relaxing)
 .eh_frame      0x000000000011d220       0x20 binaries/rfscomm.o
                                         0x38 (size before relaxing)
 .eh_frame      0x000000000011d240       0x20 binaries/rfscontrol.o
                                         0x38 (size before relaxing)
 .eh_frame      0x000000000011d260       0x20 binaries/rfsgetmode.o
                                         0x38 (size before relaxing)
 .eh_frame      0x000000000011d280       0x20 binaries/rfsinit.o
                                         0x38 (size before relaxing)
 .eh_frame      0x000000000011d2a0       0x20 binaries/rfsndmsg.o
                                         0x38 (size before relaxing)
 .eh_frame      0x000000000011d2c0       0x20 binaries/rfsopen.o
                                         0x38 (size before relaxing)
 .eh_frame      0x000000000011d2e0       0xc0 binaries/arp.o
                                         0xd8 (size before relaxing)
 .eh_frame      0x000000000011d3a0       0xa0 binaries/dhcp.o
                                         0xb8 (size before relaxing)
 .eh_frame      0x000000000011d440       0x80 binaries/dns.o
                                         0x98 (size before relaxing)
 .eh_frame      0x000000000011d4c0       0x20 binaries/dot2ip.o
                                         0x38 (size before relaxing)
 .eh_frame      0x000000000011d4e0       0x40 binaries/hexdump.o
                                         0x58 (size before relaxing)
 .eh_frame      0x000000000011d520      0x14c binaries/icmp.o
                                        0x164 (size before relaxing)
 .eh_frame      0x000000000011d66c      0x11c binaries/ip.o
                                        0x134 (size before relaxing)
 .eh_frame      0x000000000011d788       0xa0 binaries/net.o
                                         0xb8 (size before relaxing)
 .eh_frame      0x000000000011d828       0x60 binaries/pdump.o
                                         0x78 (size before relaxing)
 .eh_frame      0x000000000011d888       0x60 binaries/tftp.o
                                         0x78 (size before relaxing)
 .eh_frame      0x000000000011d8e8      0x140 binaries/udp.o
                                        0x158 (size before relaxing)
 .eh_frame      0x000000000011da28       0x20 binaries/addargs.o
                                         0x38 (size before relaxing)
 .eh_frame      0x000000000011da48       0x20 binaries/lexan.o
                                         0x38 (size before relaxing)
 .eh_frame      0x000000000011da68       0x20 binaries/shell.o
                                         0x38 (size before relaxing)
 .eh_frame      0x000000000011da88       0x20 binaries/xsh_argecho.o
                                         0x38 (size before relaxing)
 .eh_frame      0x000000000011daa8       0x40 binaries/xsh_arp.o
                                         0x58 (size before relaxing)
 .eh_frame      0x000000000011dae8       0x20 binaries/xsh_cat.o
                                         0x38 (size before relaxing)
 .eh_frame      0x000000000011db08       0x20 binaries/xsh_clear.o
                                         0x38 (size before relaxing)
 .eh_frame      0x000000000011db28       0x20 binaries/xsh_date.o
                                         0x38 (size before relaxing)
 .eh_frame      0x000000000011db48       0x20 binaries/xsh_devdump.o
                                         0x38 (size before relaxing)
 .eh_frame      0x000000000011db68       0x20 binaries/xsh_echo.o
                                         0x38 (size before relaxing)
 .eh_frame      0x000000000011db88       0x20 binaries/xsh_exit.o
                                         0x38 (size before relaxing)
 .eh_frame      0x000000000011dba8       0x20 binaries/xsh_help.o
                                         0x38 (size before relaxing)
 .eh_frame      0x000000000011dbc8       0x20 binaries/xsh_kill.o
                                         0x38 (size before relaxing)
 .eh_frame      0x000000000011dbe8       0x40 binaries/xsh_memdump.o
                                         0x58 (size before relaxing)
 .eh_frame      0x000000000011dc28       0x60 binaries/xsh_memstat.o
                                         0x78 (size before relaxing)
 .eh_frame      0x000000000011dc88       0x30 binaries/xsh_netinfo.o
                                         0x48 (size before relaxing)
 .eh_frame      0x000000000011dcb8       0x24 binaries/xsh_ping.o
                                         0x3c (size before relaxing)
 .eh_frame      0x000000000011dcdc       0x30 binaries/xsh_ps.o
                                         0x48 (size before relaxing)
 .eh_frame      0x000000000011dd0c       0x20 binaries/xsh_sleep.o
                                         0x38 (size before relaxing)
 .eh_frame      0x000000000011dd2c       0x20 binaries/xsh_udpdump.o
                                         0x38 (size before relaxing)
 .eh_frame      0x000000000011dd4c       0x30 binaries/xsh_udpecho.o
                                         0x48 (size before relaxing)
 .eh_frame      0x000000000011dd7c       0x24 binaries/xsh_udpserver.o
                                         0x3c (size before relaxing)
 .eh_frame      0x000000000011dda0       0x20 binaries/xsh_uptime.o
                                         0x38 (size before relaxing)

.iplt           0x000000000011ddc0        0x0
 .iplt          0x000000000011ddc0        0x0 binaries/start.o

.rel.dyn        0x000000000011ddc0        0x0
 .rel.iplt      0x000000000011ddc0        0x0 binaries/start.o
 .rel.text      0x000000000011ddc0        0x0 binaries/start.o
 .rel.data      0x000000000011ddc0        0x0 binaries/start.o
 .rel.rodata    0x000000000011ddc0        0x0 binaries/start.o

.data           0x000000000011ddc0     0x1240
                0x000000000011ddc0                data = ABSOLUTE (.)
 *(.data .data.*)
 .data          0x000000000011ddc0      0x460 binaries/start.o
                0x000000000011ddc0                gdt
                0x000000000011de00                gdtr
                0x000000000011de06                idt
                0x000000000011e206                idtr
                0x000000000011e20c                cpudelay
                0x000000000011e210                _bootdev
                0x000000000011e214                _cyloffset
 .data          0x000000000011e220       0x88 binaries/ascdate.o
                0x000000000011e220                Date
 .data          0x000000000011e2a8        0x0 binaries/bufinit.o
 .data          0x000000000011e2a8        0x0 binaries/chprio.o
 .data          0x000000000011e2a8        0x4 binaries/clkhandler.o
 .data          0x000000000011e2ac        0x0 binaries/clkinit.o
 .data          0x000000000011e2ac        0x0 binaries/close.o
 *fill*         0x000000000011e2ac       0x14 
 .data          0x000000000011e2c0      0x5a0 binaries/conf.o
                0x000000000011e2c0                devtab
 .data          0x000000000011e860        0x0 binaries/control.o
 .data          0x000000000011e860        0x4 binaries/create.o
 .data          0x000000000011e864        0x0 binaries/create_user_proc.o
 *fill*         0x000000000011e864       0x1c 
 .data          0x000000000011e880       0x40 binaries/evec.o
                0x000000000011e880                inames
 .data          0x000000000011e8c0        0x0 binaries/exit.o
 .data          0x000000000011e8c0        0x0 binaries/freebuf.o
 .data          0x000000000011e8c0        0x0 binaries/freemem.o
 .data          0x000000000011e8c0        0x0 binaries/getbuf.o
 .data          0x000000000011e8c0        0x0 binaries/getc.o
 .data          0x000000000011e8c0        0x0 binaries/getdev.o
 .data          0x000000000011e8c0        0x0 binaries/getitem.o
 .data          0x000000000011e8c0        0x0 binaries/getmem.o
 .data          0x000000000011e8c0        0x0 binaries/getpid.o
 .data          0x000000000011e8c0        0x0 binaries/getprio.o
 .data          0x000000000011e8c0        0x0 binaries/getstk.o
 .data          0x000000000011e8c0        0x0 binaries/getticks.o
 .data          0x000000000011e8c0        0x0 binaries/gettime.o
 .data          0x000000000011e8c0        0x0 binaries/getutime.o
 .data          0x000000000011e8c0       0x40 binaries/i386.o
                0x000000000011e8c0                gdt_copy
 .data          0x000000000011e900        0x0 binaries/init.o
 .data          0x000000000011e900        0x0 binaries/initialize.o
 .data          0x000000000011e900        0x0 binaries/insert.o
 .data          0x000000000011e900        0x0 binaries/insertd.o
 .data          0x000000000011e900        0x0 binaries/ioerr.o
 .data          0x000000000011e900        0x0 binaries/ionull.o
 .data          0x000000000011e900        0x0 binaries/kill.o
[...]
 .comment       0x000000000000001d       0x1e binaries/icmp.o
 .comment       0x000000000000001d       0x1e binaries/ip.o
 .comment       0x000000000000001d       0x1e binaries/net.o
 .comment       0x000000000000001d       0x1e binaries/pdump.o
 .comment       0x000000000000001d       0x1e binaries/tftp.o
 .comment       0x000000000000001d       0x1e binaries/udp.o
 .comment       0x000000000000001d       0x1e binaries/addargs.o
 .comment       0x000000000000001d       0x1e binaries/lexan.o
 .comment       0x000000000000001d       0x1e binaries/shell.o
 .comment       0x000000000000001d       0x1e binaries/xsh_argecho.o
 .comment       0x000000000000001d       0x1e binaries/xsh_arp.o
 .comment       0x000000000000001d       0x1e binaries/xsh_cat.o
 .comment       0x000000000000001d       0x1e binaries/xsh_clear.o
 .comment       0x000000000000001d       0x1e binaries/xsh_date.o
 .comment       0x000000000000001d       0x1e binaries/xsh_devdump.o
 .comment       0x000000000000001d       0x1e binaries/xsh_echo.o
 .comment       0x000000000000001d       0x1e binaries/xsh_exit.o
 .comment       0x000000000000001d       0x1e binaries/xsh_help.o
 .comment       0x000000000000001d       0x1e binaries/xsh_kill.o
 .comment       0x000000000000001d       0x1e binaries/xsh_memdump.o
 .comment       0x000000000000001d       0x1e binaries/xsh_memstat.o
 .comment       0x000000000000001d       0x1e binaries/xsh_netinfo.o
 .comment       0x000000000000001d       0x1e binaries/xsh_ping.o
 .comment       0x000000000000001d       0x1e binaries/xsh_ps.o
 .comment       0x000000000000001d       0x1e binaries/xsh_sleep.o
 .comment       0x000000000000001d       0x1e binaries/xsh_udpdump.o
 .comment       0x000000000000001d       0x1e binaries/xsh_udpecho.o
 .comment       0x000000000000001d       0x1e binaries/xsh_udpserver.o
 .comment       0x000000000000001d       0x1e binaries/xsh_uptime.o

.note.GNU-stack
                0x0000000000000000        0x0
 .note.GNU-stack
                0x0000000000000000        0x0 binaries/ascdate.o
 .note.GNU-stack
                0x0000000000000000        0x0 binaries/bufinit.o
 .note.GNU-stack
                0x0000000000000000        0x0 binaries/chprio.o
 .note.GNU-stack
                0x0000000000000000        0x0 binaries/clkhandler.o
 .note.GNU-stack
                0x0000000000000000        0x0 binaries/clkinit.o
 .note.GNU-stack
                0x0000000000000000        0x0 binaries/close.o
 .note.GNU-stack
                0x0000000000000000        0x0 binaries/conf.o
 .note.GNU-stack
                0x0000000000000000        0x0 binaries/control.o
 .note.GNU-stack
                0x0000000000000000        0x0 binaries/create.o
 .note.GNU-stack
                0x0000000000000000        0x0 binaries/create_user_proc.o
 .note.GNU-stack
                0x0000000000000000        0x0 binaries/evec.o
 .note.GNU-stack
                0x0000000000000000        0x0 binaries/exit.o
 .note.GNU-stack
                0x0000000000000000        0x0 binaries/freebuf.o
 .note.GNU-stack
                0x0000000000000000        0x0 binaries/freemem.o
 .note.GNU-stack
                0x0000000000000000        0x0 binaries/getbuf.o
 .note.GNU-stack
                0x0000000000000000        0x0 binaries/getc.o
 .note.GNU-stack
                0x0000000000000000        0x0 binaries/getdev.o
 .note.GNU-stack
                0x0000000000000000        0x0 binaries/getitem.o
 .note.GNU-stack
                0x0000000000000000        0x0 binaries/getmem.o
 .note.GNU-stack
                0x0000000000000000        0x0 binaries/getpid.o
 .note.GNU-stack
                0x0000000000000000        0x0 binaries/getprio.o
 .note.GNU-stack
                0x0000000000000000        0x0 binaries/getstk.o
 .note.GNU-stack
                0x0000000000000000        0x0 binaries/getticks.o
 .note.GNU-stack
                0x0000000000000000        0x0 binaries/gettime.o
 .note.GNU-stack
                0x0000000000000000        0x0 binaries/getutime.o
 .note.GNU-stack
                0x0000000000000000        0x0 binaries/i386.o
 .note.GNU-stack
                0x0000000000000000        0x0 binaries/init.o
 .note.GNU-stack
                0x0000000000000000        0x0 binaries/initialize.o
 .note.GNU-stack
                0x0000000000000000        0x0 binaries/insert.o
 .note.GNU-stack
                0x0000000000000000        0x0 binaries/insertd.o
 .note.GNU-stack
                0x0000000000000000        0x0 binaries/ioerr.o
 .note.GNU-stack
                0x0000000000000000        0x0 binaries/ionull.o
 .note.GNU-stack
                0x0000000000000000        0x0 binaries/kill.o
 .note.GNU-stack
                0x0000000000000000        0x0 binaries/kprintf.o
 .note.GNU-stack
                0x0000000000000000        0x0 binaries/lottery_test_case_1.o
 .note.GNU-stack
                0x0000000000000000        0x0 binaries/main.o
 .note.GNU-stack
                0x0000000000000000        0x0 binaries/mark.o
 .note.GNU-stack
                0x0000000000000000        0x0 binaries/meminit.o
 .note.GNU-stack
                0x0000000000000000        0x0 binaries/mkbufpool.o
 .note.GNU-stack
                0x0000000000000000        0x0 binaries/newqueue.o
 .note.GNU-stack
                0x0000000000000000        0x0 binaries/open.o
 .note.GNU-stack
                0x0000000000000000        0x0 binaries/panic.o
 .note.GNU-stack
                0x0000000000000000        0x0 binaries/pci.o
 .note.GNU-stack
                0x0000000000000000        0x0 binaries/print_ready_list.o
 .note.GNU-stack
                0x0000000000000000        0x0 binaries/ptclear.o
 .note.GNU-stack
                0x0000000000000000        0x0 binaries/ptcount.o
 .note.GNU-stack
                0x0000000000000000        0x0 binaries/ptcreate.o
 .note.GNU-stack
                0x0000000000000000        0x0 binaries/ptdelete.o
 .note.GNU-stack
                0x0000000000000000        0x0 binaries/ptinit.o
 .note.GNU-stack
                0x0000000000000000        0x0 binaries/ptrecv.o
 .note.GNU-stack
                0x0000000000000000        0x0 binaries/ptreset.o
 .note.GNU-stack
                0x0000000000000000        0x0 binaries/ptsend.o
 .note.GNU-stack
                0x0000000000000000        0x0 binaries/putc.o
 .note.GNU-stack
                0x0000000000000000        0x0 binaries/queue.o
 .note.GNU-stack
                0x0000000000000000        0x0 binaries/read.o
 .note.GNU-stack
                0x0000000000000000        0x0 binaries/ready.o
 .note.GNU-stack
                0x0000000000000000        0x0 binaries/receive.o
 .note.GNU-stack
                0x0000000000000000        0x0 binaries/recvclr.o
 .note.GNU-stack
                0x0000000000000000        0x0 binaries/recvtime.o
 .note.GNU-stack
                0x0000000000000000        0x0 binaries/resched.o
 .note.GNU-stack
                0x0000000000000000        0x0 binaries/resume.o
 .note.GNU-stack
                0x0000000000000000        0x0 binaries/seek.o
 .note.GNU-stack
                0x0000000000000000        0x0 binaries/semcount.o
 .note.GNU-stack
                0x0000000000000000        0x0 binaries/semcreate.o
 .note.GNU-stack
                0x0000000000000000        0x0 binaries/semdelete.o
 .note.GNU-stack
                0x0000000000000000        0x0 binaries/semreset.o
 .note.GNU-stack
                0x0000000000000000        0x0 binaries/send.o
 .note.GNU-stack
                0x0000000000000000        0x0 binaries/signal.o
 .note.GNU-stack
                0x0000000000000000        0x0 binaries/signaln.o
 .note.GNU-stack
                0x0000000000000000        0x0 binaries/sleep.o
 .note.GNU-stack
                0x0000000000000000        0x0 binaries/stacktrace.o
 .note.GNU-stack
                0x0000000000000000        0x0 binaries/suspend.o
 .note.GNU-stack
                0x0000000000000000        0x0 binaries/unsleep.o
 .note.GNU-stack
                0x0000000000000000        0x0 binaries/userret.o
 .note.GNU-stack
                0x0000000000000000        0x0 binaries/wait.o
 .note.GNU-stack
                0x0000000000000000        0x0 binaries/wakeup.o
 .note.GNU-stack
                0x0000000000000000        0x0 binaries/write.o
 .note.GNU-stack
                0x0000000000000000        0x0 binaries/xdone.o
 .note.GNU-stack
                0x0000000000000000        0x0 binaries/yield.o
 .note.GNU-stack
                0x0000000000000000        0x0 binaries/abs.o
 .note.GNU-stack
                0x0000000000000000        0x0 binaries/atoi.o
 .note.GNU-stack
                0x0000000000000000        0x0 binaries/atol.o
 .note.GNU-stack
                0x0000000000000000        0x0 binaries/bzero.o
 .note.GNU-stack
                0x0000000000000000        0x0 binaries/ctype_.o
 .note.GNU-stack
                0x0000000000000000        0x0 binaries/doprnt.o
 .note.GNU-stack
                0x0000000000000000        0x0 binaries/doscan.o
 .note.GNU-stack
                0x0000000000000000        0x0 binaries/fdoprnt.o
 .note.GNU-stack
                0x0000000000000000        0x0 binaries/fgetc.o
 .note.GNU-stack
                0x0000000000000000        0x0 binaries/fgets.o
 .note.GNU-stack
                0x0000000000000000        0x0 binaries/fprintf.o
 .note.GNU-stack
                0x0000000000000000        0x0 binaries/fputc.o
 .note.GNU-stack
                0x0000000000000000        0x0 binaries/fputs.o
 .note.GNU-stack
                0x0000000000000000        0x0 binaries/fscanf.o
 .note.GNU-stack
                0x0000000000000000        0x0 binaries/getchar.o
 .note.GNU-stack
                0x0000000000000000        0x0 binaries/labs.o
 .note.GNU-stack
                0x0000000000000000        0x0 binaries/memchr.o
 .note.GNU-stack
                0x0000000000000000        0x0 binaries/memcmp.o
 .note.GNU-stack
                0x0000000000000000        0x0 binaries/memcpy.o
 .note.GNU-stack
                0x0000000000000000        0x0 binaries/memset.o
 .note.GNU-stack
                0x0000000000000000        0x0 binaries/printf.o
 .note.GNU-stack
                0x0000000000000000        0x0 binaries/putchar.o
 .note.GNU-stack
                0x0000000000000000        0x0 binaries/qsort.o
 .note.GNU-stack
                0x0000000000000000        0x0 binaries/rand.o
 .note.GNU-stack
                0x0000000000000000        0x0 binaries/sprintf.o
 .note.GNU-stack
                0x0000000000000000        0x0 binaries/sscanf.o
 .note.GNU-stack
                0x0000000000000000        0x0 binaries/strchr.o
 .note.GNU-stack
                0x0000000000000000        0x0 binaries/strcmp.o
 .note.GNU-stack
                0x0000000000000000        0x0 binaries/strcpy.o
 .note.GNU-stack
                0x0000000000000000        0x0 binaries/strlen.o
 .note.GNU-stack
                0x0000000000000000        0x0 binaries/strncat.o
 .note.GNU-stack
                0x0000000000000000        0x0 binaries/strncmp.o
 .note.GNU-stack
                0x0000000000000000        0x0 binaries/strncpy.o
 .note.GNU-stack
                0x0000000000000000        0x0 binaries/strnlen.o
 .note.GNU-stack
                0x0000000000000000        0x0 binaries/strrchr.o
 .note.GNU-stack
                0x0000000000000000        0x0 binaries/strstr.o
 .note.GNU-stack
                0x0000000000000000        0x0 binaries/ttycontrol.o
 .note.GNU-stack
                0x0000000000000000        0x0 binaries/ttygetc.o
 .note.GNU-stack
                0x0000000000000000        0x0 binaries/ttyhandle_in.o
 .note.GNU-stack
                0x0000000000000000        0x0 binaries/ttyhandle_out.o
 .note.GNU-stack
                0x0000000000000000        0x0 binaries/ttyhandler.o
 .note.GNU-stack
                0x0000000000000000        0x0 binaries/ttyinit.o
 .note.GNU-stack
                0x0000000000000000        0x0 binaries/ttykickout.o
 .note.GNU-stack
                0x0000000000000000        0x0 binaries/ttyputc.o
 .note.GNU-stack
                0x0000000000000000        0x0 binaries/ttyread.o
 .note.GNU-stack
                0x0000000000000000        0x0 binaries/ttywrite.o
 .note.GNU-stack
                0x0000000000000000        0x0 binaries/mount.o
 .note.GNU-stack
                0x0000000000000000        0x0 binaries/naminit.o
 .note.GNU-stack
                0x0000000000000000        0x0 binaries/nammap.o
 .note.GNU-stack
                0x0000000000000000        0x0 binaries/namopen.o
 .note.GNU-stack
                0x0000000000000000        0x0 binaries/82545EMInit.o
 .note.GNU-stack
                0x0000000000000000        0x0 binaries/ethcontrol.o
 .note.GNU-stack
                0x0000000000000000        0x0 binaries/ethhandler.o
 .note.GNU-stack
                0x0000000000000000        0x0 binaries/ethinit.o
 .note.GNU-stack
                0x0000000000000000        0x0 binaries/ethread.o
 .note.GNU-stack
                0x0000000000000000        0x0 binaries/ethwrite.o
 .note.GNU-stack
                0x0000000000000000        0x0 binaries/rdsbufalloc.o
 .note.GNU-stack
                0x0000000000000000        0x0 binaries/rdsclose.o
 .note.GNU-stack
                0x0000000000000000        0x0 binaries/rdscomm.o
 .note.GNU-stack
                0x0000000000000000        0x0 binaries/rdscontrol.o
 .note.GNU-stack
                0x0000000000000000        0x0 binaries/rdsinit.o
 .note.GNU-stack
                0x0000000000000000        0x0 binaries/rdsopen.o
 .note.GNU-stack
                0x0000000000000000        0x0 binaries/rdsprocess.o
 .note.GNU-stack
                0x0000000000000000        0x0 binaries/rdsread.o
 .note.GNU-stack
                0x0000000000000000        0x0 binaries/rdswrite.o
 .note.GNU-stack
                0x0000000000000000        0x0 binaries/ramclose.o
 .note.GNU-stack
                0x0000000000000000        0x0 binaries/raminit.o
 .note.GNU-stack
                0x0000000000000000        0x0 binaries/ramopen.o
 .note.GNU-stack
                0x0000000000000000        0x0 binaries/ramread.o
 .note.GNU-stack
                0x0000000000000000        0x0 binaries/ramwrite.o
 .note.GNU-stack
                0x0000000000000000        0x0 binaries/lfdballoc.o
 .note.GNU-stack
                0x0000000000000000        0x0 binaries/lfdbfree.o
 .note.GNU-stack
                0x0000000000000000        0x0 binaries/lfflush.o
 .note.GNU-stack
                0x0000000000000000        0x0 binaries/lfgetmode.o
 .note.GNU-stack
                0x0000000000000000        0x0 binaries/lfiballoc.o
 .note.GNU-stack
                0x0000000000000000        0x0 binaries/lfibclear.o
 .note.GNU-stack
                0x0000000000000000        0x0 binaries/lfibget.o
 .note.GNU-stack
                0x0000000000000000        0x0 binaries/lfibput.o
 .note.GNU-stack
                0x0000000000000000        0x0 binaries/lflclose.o
 .note.GNU-stack
                0x0000000000000000        0x0 binaries/lflcontrol.o
 .note.GNU-stack
                0x0000000000000000        0x0 binaries/lflgetc.o
 .note.GNU-stack
                0x0000000000000000        0x0 binaries/lflinit.o
 .note.GNU-stack
                0x0000000000000000        0x0 binaries/lflputc.o
 .note.GNU-stack
                0x0000000000000000        0x0 binaries/lflread.o
 .note.GNU-stack
                0x0000000000000000        0x0 binaries/lflseek.o
 .note.GNU-stack
                0x0000000000000000        0x0 binaries/lflwrite.o
 .note.GNU-stack
                0x0000000000000000        0x0 binaries/lfscheck.o
 .note.GNU-stack
                0x0000000000000000        0x0 binaries/lfsckfmt.o
 .note.GNU-stack
                0x0000000000000000        0x0 binaries/lfscreate.o
 .note.GNU-stack
                0x0000000000000000        0x0 binaries/lfsetup.o
 .note.GNU-stack
                0x0000000000000000        0x0 binaries/lfsinit.o
 .note.GNU-stack
                0x0000000000000000        0x0 binaries/lfsopen.o
 .note.GNU-stack
                0x0000000000000000        0x0 binaries/lftruncate.o
 .note.GNU-stack
                0x0000000000000000        0x0 binaries/rflclose.o
 .note.GNU-stack
                0x0000000000000000        0x0 binaries/rflgetc.o
 .note.GNU-stack
                0x0000000000000000        0x0 binaries/rflinit.o
 .note.GNU-stack
                0x0000000000000000        0x0 binaries/rflputc.o
 .note.GNU-stack
                0x0000000000000000        0x0 binaries/rflread.o
 .note.GNU-stack
                0x0000000000000000        0x0 binaries/rflseek.o
 .note.GNU-stack
                0x0000000000000000        0x0 binaries/rflwrite.o
 .note.GNU-stack
                0x0000000000000000        0x0 binaries/rfscomm.o
 .note.GNU-stack
                0x0000000000000000        0x0 binaries/rfscontrol.o
 .note.GNU-stack
                0x0000000000000000        0x0 binaries/rfsgetmode.o
 .note.GNU-stack
                0x0000000000000000        0x0 binaries/rfsinit.o
 .note.GNU-stack
                0x0000000000000000        0x0 binaries/rfsndmsg.o
 .note.GNU-stack
                0x0000000000000000        0x0 binaries/rfsopen.o
 .note.GNU-stack
                0x0000000000000000        0x0 binaries/arp.o
 .note.GNU-stack
                0x0000000000000000        0x0 binaries/dhcp.o
 .note.GNU-stack
                0x0000000000000000        0x0 binaries/dns.o
 .note.GNU-stack
                0x0000000000000000        0x0 binaries/dot2ip.o
 .note.GNU-stack
                0x0000000000000000        0x0 binaries/hexdump.o
 .note.GNU-stack
                0x0000000000000000        0x0 binaries/icmp.o
 .note.GNU-stack
                0x0000000000000000        0x0 binaries/ip.o
 .note.GNU-stack
                0x0000000000000000        0x0 binaries/net.o
 .note.GNU-stack
                0x0000000000000000        0x0 binaries/pdump.o
 .note.GNU-stack
                0x0000000000000000        0x0 binaries/tftp.o
 .note.GNU-stack
                0x0000000000000000        0x0 binaries/udp.o
 .note.GNU-stack
                0x0000000000000000        0x0 binaries/addargs.o
 .note.GNU-stack
                0x0000000000000000        0x0 binaries/lexan.o
 .note.GNU-stack
                0x0000000000000000        0x0 binaries/shell.o
 .note.GNU-stack
                0x0000000000000000        0x0 binaries/xsh_argecho.o
 .note.GNU-stack
                0x0000000000000000        0x0 binaries/xsh_arp.o
 .note.GNU-stack
                0x0000000000000000        0x0 binaries/xsh_cat.o
 .note.GNU-stack
                0x0000000000000000        0x0 binaries/xsh_clear.o
 .note.GNU-stack
                0x0000000000000000        0x0 binaries/xsh_date.o
 .note.GNU-stack
                0x0000000000000000        0x0 binaries/xsh_devdump.o
 .note.GNU-stack
                0x0000000000000000        0x0 binaries/xsh_echo.o
 .note.GNU-stack
                0x0000000000000000        0x0 binaries/xsh_exit.o
 .note.GNU-stack
                0x0000000000000000        0x0 binaries/xsh_help.o
 .note.GNU-stack
                0x0000000000000000        0x0 binaries/xsh_kill.o
 .note.GNU-stack
                0x0000000000000000        0x0 binaries/xsh_memdump.o
 .note.GNU-stack
                0x0000000000000000        0x0 binaries/xsh_memstat.o
 .note.GNU-stack
                0x0000000000000000        0x0 binaries/xsh_netinfo.o
 .note.GNU-stack
                0x0000000000000000        0x0 binaries/xsh_ping.o
 .note.GNU-stack
                0x0000000000000000        0x0 binaries/xsh_ps.o
 .note.GNU-stack
                0x0000000000000000        0x0 binaries/xsh_sleep.o
 .note.GNU-stack
                0x0000000000000000        0x0 binaries/xsh_udpdump.o
 .note.GNU-stack
                0x0000000000000000        0x0 binaries/xsh_udpecho.o
 .note.GNU-stack
                0x0000000000000000        0x0 binaries/xsh_udpserver.o
 .note.GNU-stack
                0x0000000000000000        0x0 binaries/xsh_uptime.o
